RAM Allocation [bytes]
Variable                                                                          Address   Size
------------------------------------------------------------------------------------------------
stepSize                                                                          0x017C       2
_base_y                                                                           0x017E       4
_lcd_x                                                                            0x0182       1
_lcd_y                                                                            0x0183       1
_lcd_maxx                                                                         0x0184       1
_seed                                                                             0x0185       4

EEPROM Allocation [bytes]
Variable                                                                          Address   Size
------------------------------------------------------------------------------------------------

Register Allocation
Variable                                                                          Register  Size
------------------------------------------------------------------------------------------------
increasePressedCount                                                              R4,R5        2
decreasePressedCount                                                              R6,R7        2
bothPressedCount                                                                  R8,R9        2
increasePressed                                                                   R11          1
decreasePressed                                                                   R10          1
reversed                                                                          R13          1
configureMode                                                                     R12          1

FLASH Allocation [words]
Function                                                                          Address   Size
------------------------------------------------------------------------------------------------
timer0_ovf_isr                                                                    0x0008C    263
ext_int0_isr                                                                      0x00193     12
ext_int1_isr                                                                      0x0019F     15
main                                                                              0x001AE     58
clearNCharOnXY                                                                    0x001E8      9
showStringOnXY                                                                    0x001F1     11
toString                                                                          0x001FC     16
enterConfigureMode                                                                0x0020C     17
exitConfigureMode                                                                 0x0021D     18
_lcd_write_nibble_G100                                                            0x0022F     20
_lcd_write_data                                                                   0x00243     12
lcd_gotoxy                                                                        0x0024F     17
lcd_clear                                                                         0x00260     14
lcd_putchar                                                                       0x0026E     32
lcd_puts                                                                          0x0028E     17
lcd_init                                                                          0x0029F     47
ltoa                                                                              0x002CE     91
