RAM Allocation [bytes]
Variable                                                                          Address   Size
------------------------------------------------------------------------------------------------
validationCode                                                                    0x0160       8
resetPressedCount                                                                 0x0168       2
changeCodeMode                                                                    0x016A       1
inputLength                                                                       0x016B       2
digits                                                                            0x016D       8
input                                                                             0x0175       8

EEPROM Allocation [bytes]
Variable                                                                          Address   Size
------------------------------------------------------------------------------------------------

Register Allocation
Variable                                                                          Register  Size
------------------------------------------------------------------------------------------------
validationCodeLength                                                              R4,R5        2
opened                                                                            R7           1
inputPressed                                                                      R6           1
resetPressed                                                                      R9           1
oneAdded                                                                          R8           1
oneAddedCount                                                                     R10,R11      2
inputPressedCount                                                                 R12,R13      2

FLASH Allocation [words]
Function                                                                          Address   Size
------------------------------------------------------------------------------------------------
checkCode                                                                         0x0007D     41
changeCode                                                                        0x000A6     51
timer0_ovf_isr                                                                    0x000D9    148
ext_int0_isr                                                                      0x0016D     46
ext_int1_isr                                                                      0x0019B     75
main                                                                              0x001E6     34

FLASH Allocation [words]
Function                                                                          Address   Size
------------------------------------------------------------------------------------------------
checkCode                                                                         0x0007D     41
changeCode                                                                        0x000A6     51
timer0_ovf_isr                                                                    0x000D9    148
ext_int0_isr                                                                      0x0016D     46
ext_int1_isr                                                                      0x0019B     75
main                                                                              0x001E6     34
